// Jest Snapshot v1, https://goo.gl/fbAQLP

exports[`WasabyUpdater browser Очередь на обновление контролов очищается 1`] = `
<div
  style="height: 100%; width: 100%; display: contents;"
>
  <div>
    <div>
      <button
        id="toggleAsync"
      >
        toggleAsync
      </button>
      <button
        id="showSync"
      >
        showSync
      </button>
    </div>
    <div>
      <div
        name="$$wasaby$async$loading"
      />
      <div
        tabindex="0"
      >
        Sync
      </div>
    </div>
  </div>
</div>
`;
